0.164: [GC 896K->235K(5056K), 0.0021505 secs]
0.209: [GC 1131K->288K(5056K), 0.0014675 secs]
0.234: [GC 1184K->863K(5056K), 0.0028124 secs]
0.253: [GC 1736K->1518K(5056K), 0.0061302 secs]
0.262: [Full GC 1937K->1909K(5056K), 0.0172340 secs]
0.280: [Full GC 1923K->1909K(5056K), 0.0156119 secs]
0.296: [Full GC 1923K->1909K(5056K), 0.0153328 secs]
0.312: [Full GC 1923K->1906K(5056K), 0.0180123 secs]
0.331: [Full GC 1921K->1906K(5056K), 0.0160481 secs]
0.348: [Full GC 1921K->1906K(5056K), 0.0163188 secs]
0.365: [Full GC 1921K->1906K(5056K), 0.0156236 secs]
0.381: [Full GC 1921K->1906K(5056K), 0.0149878 secs]
0.397: [Full GC 1921K->1906K(5056K), 0.0145768 secs]
0.412: [Full GC 1921K->1906K(5056K), 0.0160543 secs]
0.429: [Full GC 1921K->1906K(5056K), 0.0180290 secs]
0.448: [Full GC 1921K->1906K(5056K), 0.0167203 secs]
0.465: [Full GC 1921K->1906K(5056K), 0.0163547 secs]
0.483: [Full GC 1921K->1906K(5056K), 0.0152547 secs]
0.499: [Full GC 1920K->1906K(5056K), 0.0155993 secs]
0.515: [Full GC 1921K->1906K(5056K), 0.0153350 secs]
0.531: [Full GC 1921K->1906K(5056K), 0.0155944 secs]
0.547: [Full GC 1921K->1906K(5056K), 0.0155518 secs]
0.563: [Full GC 1921K->1906K(5056K), 0.0153538 secs]
0.579: [Full GC 1921K->1906K(5056K), 0.0144543 secs]
0.595: [Full GC 1921K->1906K(5056K), 0.0144101 secs]
0.610: [Full GC 1921K->1906K(5056K), 0.0157304 secs]
0.626: [Full GC 1921K->1906K(5056K), 0.0150027 secs]
0.642: [Full GC 1921K->1906K(5056K), 0.0146589 secs]
0.657: [Full GC 1921K->1906K(5056K), 0.0146867 secs]
0.682: [GC 2802K->2787K(5056K), 0.0018693 secs]
0.691: [GC 3683K->3682K(5056K), 0.0019491 secs]
0.700: [GC 4578K->4576K(5568K), 0.0019472 secs]
0.702: [Full GC 4576K->4576K(5568K), 0.0215397 secs]
0.730: [GC 5472K->5469K(8588K), 0.0017311 secs]
0.738: [GC 6365K->6363K(8588K), 0.0021587 secs]
0.746: [GC 7259K->7255K(8588K), 0.0021112 secs]
0.755: [GC 8151K->8147K(9100K), 0.0021288 secs]
0.757: [Full GC 8147K->8147K(9100K), 0.0320602 secs]
0.797: [GC 9163K->9162K(14656K), 0.0092040 secs]
0.813: [GC 10186K->10184K(14656K), 0.0024282 secs]
0.823: [GC 11208K->11205K(14656K), 0.0024331 secs]
0.832: [GC 12229K->12227K(14656K), 0.0024349 secs]
0.842: [GC 13251K->13248K(14656K), 0.0028573 secs]
0.852: [GC 14272K->14269K(15296K), 0.0024451 secs]
0.854: [Full GC 14269K->14257K(15296K), 0.0546267 secs]
0.919: [GC 15807K->15806K(25472K), 0.0149871 secs]
0.944: [GC 17406K->17405K(25472K), 0.0043892 secs]
0.959: [GC 19005K->19004K(25472K), 0.0039521 secs]
0.974: [GC 20604K->20603K(25472K), 0.0039432 secs]
0.990: [GC 22203K->22202K(25472K), 0.0042419 secs]
1.004: [GC 23802K->23801K(25472K), 0.0044695 secs]
1.019: [GC 25401K->25400K(27008K), 0.0044249 secs]
1.023: [Full GC 25400K->25400K(27008K), 0.0737373 secs]
1.116: [GC 28095K->28093K(45228K), 0.0264721 secs]
1.146: [Full GC 28488K->28458K(45228K), 0.0780615 secs]
1.225: [Full GC 28521K->28458K(51016K), 0.0771365 secs]
1.303: [Full GC 28521K->28458K(51016K), 0.0933166 secs]
1.397: [Full GC 28521K->28458K(51016K), 0.0802603 secs]
1.478: [Full GC 28521K->28458K(51016K), 0.0804880 secs]
1.559: [Full GC 28521K->28458K(51016K), 0.0796733 secs]
1.640: [Full GC 28521K->28458K(51016K), 0.0863573 secs]
1.727: [Full GC 28521K->28458K(51016K), 0.0825332 secs]
1.810: [Full GC 28521K->28458K(51016K), 0.0828457 secs]
1.894: [Full GC 28521K->28458K(51016K), 0.0829955 secs]
1.977: [Full GC 28521K->28458K(51016K), 0.0824024 secs]
2.061: [Full GC 28521K->28458K(51016K), 0.0793128 secs]
2.162: [GC 31658K->28458K(51016K), 0.0003630 secs]
2.183: [GC 31658K->28458K(51016K), 0.0002447 secs]
2.205: [GC 31658K->28458K(51016K), 0.0002477 secs]
2.226: [GC 31658K->28458K(51016K), 0.0002455 secs]
2.246: [GC 31658K->28458K(51016K), 0.0002445 secs]
2.267: [GC 31658K->28458K(51016K), 0.0002480 secs]
2.288: [GC 31658K->28458K(51016K), 0.0002518 secs]
2.309: [GC 31658K->28458K(51016K), 0.0002481 secs]
2.329: [GC 31658K->28458K(51016K), 0.0002495 secs]
2.350: [GC 31658K->28458K(51016K), 0.0002470 secs]
2.371: [GC 31658K->28458K(51016K), 0.0002305 secs]
2.394: [GC 31658K->28458K(51016K), 0.0002449 secs]
2.417: [GC 31658K->28458K(51016K), 0.0002466 secs]
2.440: [GC 31658K->28458K(51016K), 0.0003037 secs]
2.462: [GC 31658K->28458K(51016K), 0.0009257 secs]
2.486: [GC 31658K->28458K(51016K), 0.0002537 secs]
2.509: [GC 31658K->28458K(51016K), 0.0002465 secs]
2.532: [GC 31658K->28458K(51016K), 0.0002482 secs]
2.558: [GC 31658K->28458K(51016K), 0.0002442 secs]
2.588: [GC 31658K->28458K(51016K), 0.0002459 secs]
2.613: [GC 31658K->28458K(51016K), 0.0002454 secs]
2.639: [GC 31658K->28458K(51016K), 0.0002373 secs]
2.662: [GC 31658K->28458K(51016K), 0.0002433 secs]
2.685: [GC 31658K->28458K(51016K), 0.0002457 secs]
2.708: [GC 31658K->28458K(51016K), 0.0002459 secs]
2.730: [GC 31658K->28458K(51016K), 0.0002470 secs]
2.753: [GC 31658K->28458K(51016K), 0.0002451 secs]
2.779: [GC 31658K->28458K(51016K), 0.0002418 secs]
2.804: [GC 31658K->28458K(51016K), 0.0002453 secs]
2.828: [GC 31658K->28458K(51016K), 0.0002517 secs]
2.854: [GC 31658K->28458K(51016K), 0.0002449 secs]
2.876: [GC 31658K->28458K(51016K), 0.0002487 secs]
2.898: [GC 31658K->28458K(51016K), 0.0002451 secs]
2.921: [GC 31658K->28458K(51016K), 0.0002566 secs]
2.946: [GC 31658K->28458K(51016K), 0.0002485 secs]
2.978: [GC 31658K->28458K(51016K), 0.0002752 secs]
3.004: [GC 31658K->28458K(51016K), 0.0002468 secs]
3.029: [GC 31658K->28458K(51016K), 0.0002527 secs]
3.053: [GC 31658K->28458K(51016K), 0.0002454 secs]
3.078: [GC 31658K->28458K(51016K), 0.0002396 secs]
3.101: [GC 31658K->28458K(51016K), 0.0002532 secs]
3.123: [GC 31658K->28458K(51016K), 0.0002431 secs]
3.148: [GC 31658K->28458K(51016K), 0.0002472 secs]
3.172: [GC 31658K->28458K(51016K), 0.0002443 secs]
3.196: [GC 31658K->28458K(51016K), 0.0002465 secs]
3.221: [GC 31658K->28458K(51016K), 0.0002465 secs]
3.243: [GC 31658K->28458K(51016K), 0.0002420 secs]
3.266: [GC 31658K->28458K(51016K), 0.0002437 secs]
3.288: [GC 31658K->28458K(51016K), 0.0002379 secs]
3.310: [GC 31658K->28458K(51016K), 0.0002456 secs]
3.332: [GC 31658K->28458K(51016K), 0.0002423 secs]
3.354: [GC 31658K->28458K(51016K), 0.0002472 secs]
3.376: [GC 31658K->28458K(51016K), 0.0002420 secs]
3.398: [GC 31658K->28458K(51016K), 0.0002479 secs]
3.421: [GC 31658K->28458K(51016K), 0.0002320 secs]
3.443: [GC 31658K->28458K(51016K), 0.0002294 secs]
3.465: [GC 31658K->28458K(51016K), 0.0002414 secs]
3.485: [GC 31658K->28458K(51016K), 0.0002528 secs]
3.508: [GC 31658K->28458K(51016K), 0.0002457 secs]
3.530: [GC 31658K->28458K(51016K), 0.0002462 secs]
3.552: [GC 31658K->28458K(51016K), 0.0002449 secs]
3.574: [GC 31658K->28458K(51016K), 0.0002532 secs]
3.596: [GC 31658K->28458K(51016K), 0.0002503 secs]
3.616: [GC 31658K->28458K(51016K), 0.0002407 secs]
3.636: [GC 31658K->28458K(51016K), 0.0002480 secs]
3.657: [GC 31658K->28458K(51016K), 0.0002451 secs]
3.677: [GC 31658K->28458K(51016K), 0.0002451 secs]
3.697: [GC 31658K->28458K(51016K), 0.0002494 secs]
3.718: [GC 31658K->28458K(51016K), 0.0002469 secs]
3.739: [GC 31658K->28458K(51016K), 0.0002475 secs]
3.759: [GC 31658K->28458K(51016K), 0.0002475 secs]
3.779: [GC 31658K->28458K(51016K), 0.0002430 secs]
3.800: [GC 31658K->28458K(51016K), 0.0002411 secs]
3.821: [GC 31658K->28458K(51016K), 0.0002484 secs]
3.842: [GC 31658K->28458K(51016K), 0.0002484 secs]
3.862: [GC 31658K->28458K(51016K), 0.0002453 secs]
3.883: [GC 31658K->28458K(51016K), 0.0002274 secs]
3.904: [GC 31658K->28458K(51016K), 0.0002460 secs]
3.924: [GC 31658K->28458K(51016K), 0.0002428 secs]
3.945: [GC 31658K->28458K(51016K), 0.0002300 secs]
3.966: [GC 31658K->28458K(51016K), 0.0002473 secs]
3.986: [GC 31658K->28458K(51016K), 0.0002488 secs]
4.006: [GC 31658K->28458K(51016K), 0.0002428 secs]
4.010: [Full GC 29169K->3102K(51016K), 0.0224364 secs]
4.033: [Full GC 3167K->3102K(51016K), 0.0148026 secs]
4.048: [Full GC 3164K->1896K(47116K), 0.0148797 secs]
4.064: [Full GC 1937K->1896K(31004K), 0.0147202 secs]
4.081: [Full GC 1914K->1896K(7284K), 0.0149308 secs]
4.097: [Full GC 1914K->1896K(7284K), 0.0147781 secs]
4.112: [Full GC 1914K->1896K(7284K), 0.0147796 secs]
4.128: [Full GC 1914K->1896K(7284K), 0.0146623 secs]
4.143: [Full GC 1914K->1896K(7284K), 0.0148561 secs]
4.159: [Full GC 1914K->1896K(7284K), 0.0146688 secs]
4.174: [Full GC 1914K->1896K(7284K), 0.0147477 secs]
4.190: [Full GC 1914K->1896K(7284K), 0.0146904 secs]
4.205: [Full GC 1914K->1896K(7284K), 0.0147109 secs]
4.220: [Full GC 1914K->1896K(7284K), 0.0147362 secs]
4.236: [Full GC 1914K->1896K(7284K), 0.0146390 secs]
4.251: [Full GC 1914K->1896K(7284K), 0.0146408 secs]
4.266: [Full GC 1914K->1896K(7284K), 0.0151139 secs]
4.282: [Full GC 1914K->1896K(7284K), 0.0153146 secs]
4.298: [Full GC 1914K->1896K(7284K), 0.0156589 secs]
4.315: [Full GC 1914K->1896K(7284K), 0.0156539 secs]
4.331: [Full GC 1914K->1896K(7284K), 0.0155999 secs]
4.347: [Full GC 1914K->1896K(7284K), 0.0159543 secs]
4.364: [Full GC 1914K->1896K(7284K), 0.0162322 secs]
4.388: [GC 2792K->2783K(7284K), 0.0015524 secs]
4.396: [GC 3679K->3675K(7284K), 0.0018303 secs]
4.404: [GC 4571K->4567K(7284K), 0.0018478 secs]
4.412: [GC 5463K->5459K(7284K), 0.0018893 secs]
4.421: [GC 6355K->6352K(7284K), 0.0024654 secs]
4.431: [GC 7248K->7244K(8180K), 0.0027490 secs]
4.433: [Full GC 7244K->7244K(8180K), 0.0305166 secs]
4.470: [GC 8115K->8112K(12996K), 0.0088016 secs]
4.485: [GC 9008K->9004K(12996K), 0.0021797 secs]
4.494: [GC 9900K->9896K(12996K), 0.0024882 secs]
4.505: [GC 10792K->10789K(12996K), 0.0023964 secs]
4.514: [GC 11685K->11681K(12996K), 0.0021834 secs]
4.523: [GC 12577K->12573K(13508K), 0.0023721 secs]
4.525: [Full GC 12573K->12573K(13508K), 0.0437331 secs]
4.580: [GC 14083K->14081K(22580K), 0.0147582 secs]
4.605: [GC 15617K->15614K(22580K), 0.0045041 secs]
4.620: [GC 17150K->17147K(22580K), 0.0042319 secs]
4.635: [GC 18683K->18680K(22580K), 0.0039249 secs]
4.650: [GC 20216K->20214K(22580K), 0.0040788 secs]
4.665: [GC 21750K->21747K(23348K), 0.0044487 secs]
4.670: [Full GC 21747K->21747K(23348K), 0.0697297 secs]
4.756: [GC 24243K->24242K(38956K), 0.0242381 secs]
4.798: [GC 26802K->26799K(38956K), 0.0077068 secs]
4.817: [Full GC 28492K->28459K(38956K), 0.0986236 secs]
4.916: [Full GC 28523K->28459K(51020K), 0.0799098 secs]
4.997: [Full GC 28523K->28459K(51020K), 0.0811573 secs]
5.079: [Full GC 28523K->28459K(51020K), 0.0834886 secs]
5.163: [Full GC 28523K->28459K(51020K), 0.0853261 secs]
5.249: [Full GC 28523K->28459K(51020K), 0.0856825 secs]
5.336: [Full GC 28523K->28459K(51020K), 0.0900592 secs]
5.426: [Full GC 28523K->28459K(51020K), 0.0912581 secs]
5.518: [Full GC 28523K->28459K(51020K), 0.0881602 secs]
5.607: [Full GC 28523K->28459K(51020K), 0.0867269 secs]
5.695: [Full GC 28523K->28459K(51020K), 0.0867825 secs]
5.803: [GC 31659K->28459K(51020K), 0.0004436 secs]
5.825: [GC 31659K->28459K(51020K), 0.0002499 secs]
5.847: [GC 31659K->28459K(51020K), 0.0002407 secs]
5.868: [GC 31659K->28459K(51020K), 0.0002442 secs]
5.888: [GC 31659K->28459K(51020K), 0.0002629 secs]
5.908: [GC 31659K->28459K(51020K), 0.0002408 secs]
5.930: [GC 31659K->28459K(51020K), 0.0002458 secs]
5.953: [GC 31659K->28459K(51020K), 0.0002421 secs]
5.974: [GC 31659K->28459K(51020K), 0.0002425 secs]
5.996: [GC 31659K->28459K(51020K), 0.0002400 secs]
6.018: [GC 31659K->28459K(51020K), 0.0002439 secs]
6.038: [GC 31659K->28459K(51020K), 0.0002725 secs]
6.059: [GC 31659K->28459K(51020K), 0.0002493 secs]
6.082: [GC 31659K->28459K(51020K), 0.0002471 secs]
6.103: [GC 31659K->28459K(51020K), 0.0002443 secs]
6.124: [GC 31659K->28459K(51020K), 0.0002391 secs]
6.145: [GC 31659K->28459K(51020K), 0.0002450 secs]
6.166: [GC 31659K->28459K(51020K), 0.0002405 secs]
6.186: [GC 31659K->28459K(51020K), 0.0002459 secs]
6.206: [GC 31659K->28459K(51020K), 0.0002458 secs]
6.226: [GC 31659K->28459K(51020K), 0.0002477 secs]
6.246: [GC 31659K->28459K(51020K), 0.0002514 secs]
6.266: [GC 31659K->28459K(51020K), 0.0002489 secs]
6.285: [GC 31659K->28459K(51020K), 0.0002442 secs]
6.307: [GC 31659K->28459K(51020K), 0.0002412 secs]
6.329: [GC 31659K->28459K(51020K), 0.0002246 secs]
6.352: [GC 31659K->28459K(51020K), 0.0004209 secs]
6.374: [GC 31659K->28459K(51020K), 0.0002396 secs]
6.396: [GC 31659K->28459K(51020K), 0.0002428 secs]
6.418: [GC 31659K->28459K(51020K), 0.0002430 secs]
6.441: [GC 31659K->28459K(51020K), 0.0002238 secs]
6.465: [GC 31659K->28459K(51020K), 0.0002433 secs]
6.490: [GC 31659K->28459K(51020K), 0.0002730 secs]
6.514: [GC 31659K->28459K(51020K), 0.0002520 secs]
6.539: [GC 31659K->28459K(51020K), 0.0003110 secs]
6.561: [GC 31659K->28459K(51020K), 0.0002472 secs]
6.584: [GC 31659K->28459K(51020K), 0.0003263 secs]
6.607: [GC 31659K->28459K(51020K), 0.0002435 secs]
6.629: [GC 31659K->28459K(51020K), 0.0002431 secs]
6.651: [GC 31659K->28459K(51020K), 0.0002429 secs]
6.673: [GC 31659K->28459K(51020K), 0.0002435 secs]
6.695: [GC 31659K->28459K(51020K), 0.0002419 secs]
6.717: [GC 31659K->28459K(51020K), 0.0002389 secs]
6.739: [GC 31659K->28459K(51020K), 0.0002470 secs]
6.759: [GC 31659K->28459K(51020K), 0.0004281 secs]
6.781: [GC 31659K->28459K(51020K), 0.0002463 secs]
6.802: [GC 31659K->28459K(51020K), 0.0002451 secs]
6.823: [GC 31659K->28459K(51020K), 0.0002258 secs]
6.844: [GC 31659K->28459K(51020K), 0.0002421 secs]
6.867: [GC 31659K->28459K(51020K), 0.0002485 secs]
6.889: [GC 31659K->28459K(51020K), 0.0002486 secs]
6.912: [GC 31659K->28459K(51020K), 0.0004600 secs]
6.934: [GC 31659K->28459K(51020K), 0.0002411 secs]
6.957: [GC 31659K->28459K(51020K), 0.0002414 secs]
6.980: [GC 31659K->28459K(51020K), 0.0002426 secs]
7.003: [GC 31659K->28459K(51020K), 0.0002463 secs]
7.025: [GC 31659K->28459K(51020K), 0.0002407 secs]
7.047: [GC 31659K->28459K(51020K), 0.0002452 secs]
7.068: [GC 31659K->28459K(51020K), 0.0002427 secs]
7.088: [GC 31659K->28459K(51020K), 0.0002449 secs]
7.109: [GC 31659K->28459K(51020K), 0.0002449 secs]
7.129: [GC 31659K->28459K(51020K), 0.0002463 secs]
7.149: [GC 31659K->28459K(51020K), 0.0002498 secs]
7.169: [GC 31659K->28459K(51020K), 0.0002451 secs]
7.189: [GC 31659K->28459K(51020K), 0.0002460 secs]
7.210: [GC 31659K->28459K(51020K), 0.0002293 secs]
7.231: [GC 31659K->28459K(51020K), 0.0002288 secs]
7.252: [GC 31659K->28459K(51020K), 0.0002465 secs]
7.272: [GC 31659K->28459K(51020K), 0.0003206 secs]
7.294: [GC 31659K->28459K(51020K), 0.0002799 secs]
7.315: [GC 31659K->28459K(51020K), 0.0002486 secs]
7.337: [GC 31659K->28459K(51020K), 0.0002442 secs]
7.359: [GC 31659K->28459K(51020K), 0.0002466 secs]
7.381: [GC 31659K->28459K(51020K), 0.0002426 secs]
7.402: [GC 31659K->28459K(51020K), 0.0002428 secs]
7.422: [GC 31659K->28459K(51020K), 0.0002425 secs]
7.444: [GC 31659K->28459K(51020K), 0.0002243 secs]
7.467: [GC 31659K->28459K(51020K), 0.0002257 secs]
7.488: [GC 31659K->28459K(51020K), 0.0002421 secs]
7.509: [GC 31659K->28459K(51020K), 0.0002440 secs]
7.529: [GC 31659K->28459K(51020K), 0.0002442 secs]
7.551: [GC 31659K->28459K(51020K), 0.0002465 secs]
7.573: [GC 31659K->28459K(51020K), 0.0002314 secs]
7.575: [Full GC 29042K->3110K(51020K), 0.0268772 secs]
7.603: [Full GC 3174K->1897K(51020K), 0.0188541 secs]
7.622: [Full GC 1957K->1897K(46656K), 0.0192075 secs]
7.642: [Full GC 1938K->1897K(30768K), 0.0203453 secs]
7.666: [Full GC 1915K->1897K(7288K), 0.0202656 secs]
7.687: [Full GC 1915K->1897K(7288K), 0.0203231 secs]
7.708: [Full GC 1915K->1897K(7288K), 0.0210433 secs]
7.730: [Full GC 1915K->1897K(7288K), 0.0206412 secs]
7.751: [Full GC 1915K->1897K(7288K), 0.0202885 secs]
7.772: [Full GC 1915K->1897K(7288K), 0.0191862 secs]
7.792: [Full GC 1915K->1897K(7288K), 0.0189732 secs]
7.812: [Full GC 1915K->1897K(7288K), 0.0187367 secs]
7.831: [Full GC 1915K->1897K(7288K), 0.0188799 secs]
7.851: [Full GC 1915K->1897K(7288K), 0.0189703 secs]
7.871: [Full GC 1915K->1897K(7288K), 0.0190119 secs]
7.890: [Full GC 1915K->1897K(7288K), 0.0187850 secs]
7.910: [Full GC 1915K->1897K(7288K), 0.0192115 secs]
7.930: [Full GC 1915K->1897K(7288K), 0.0187381 secs]
7.949: [Full GC 1915K->1897K(7288K), 0.0190273 secs]
7.969: [Full GC 1915K->1897K(7288K), 0.0190915 secs]
7.989: [Full GC 1915K->1897K(7288K), 0.0192102 secs]
8.009: [Full GC 1915K->1897K(7288K), 0.0190917 secs]
8.029: [Full GC 1915K->1897K(7288K), 0.0189931 secs]
8.060: [Full GC 2687K->2679K(7288K), 0.0257772 secs]
8.087: [Full GC 2697K->2679K(7288K), 0.0245371 secs]
8.112: [Full GC 2697K->2679K(7288K), 0.0256850 secs]
8.139: [Full GC 2697K->2679K(7288K), 0.0240806 secs]
8.164: [Full GC 2697K->2679K(7288K), 0.0253071 secs]
8.190: [Full GC 2697K->2679K(7288K), 0.0256478 secs]
8.216: [Full GC 2697K->2679K(7288K), 0.0239429 secs]
8.241: [Full GC 2697K->2679K(7288K), 0.0237567 secs]
8.265: [Full GC 2697K->2679K(7288K), 0.0226089 secs]
8.289: [Full GC 2697K->2679K(7288K), 0.0235033 secs]
8.313: [Full GC 2697K->2679K(7288K), 0.0225501 secs]
8.336: [Full GC 2697K->2679K(7288K), 0.0223204 secs]
8.371: [GC 3575K->2679K(7288K), 0.0002903 secs]
8.384: [GC 3575K->2679K(7288K), 0.0001233 secs]
8.397: [GC 3575K->2679K(7288K), 0.0001592 secs]
8.411: [GC 3575K->2679K(7288K), 0.0001602 secs]
8.423: [GC 3575K->2679K(7288K), 0.0001381 secs]
8.436: [GC 3575K->2679K(7288K), 0.0001262 secs]
8.449: [GC 3575K->2679K(7288K), 0.0001275 secs]
8.463: [GC 3575K->2679K(7288K), 0.0001474 secs]
8.473: [GC 3336K->2679K(7288K), 0.0001691 secs]
8.474: [Full GC 3088K->1897K(7288K), 0.0243087 secs]
8.500: [Full GC 1916K->1897K(7288K), 0.0234961 secs]
8.524: [Full GC 1916K->1897K(7288K), 0.0244401 secs]
8.552: [Full GC 1916K->1897K(7288K), 0.0229060 secs]
8.576: [Full GC 1916K->1897K(7288K), 0.0246232 secs]
8.602: [Full GC 1916K->1897K(7288K), 0.0273673 secs]
8.653: [Full GC 1916K->1897K(7288K), 0.0209326 secs]
8.675: [Full GC 1916K->1897K(7288K), 0.0204451 secs]
8.696: [Full GC 1916K->1898K(7288K), 0.0201562 secs]
8.717: [Full GC 1916K->1898K(7288K), 0.0224508 secs]
8.741: [Full GC 1916K->1897K(7288K), 0.0225737 secs]
8.764: [Full GC 1916K->1897K(7288K), 0.0212795 secs]
8.786: [Full GC 1916K->1897K(7288K), 0.0206025 secs]
8.807: [Full GC 1916K->1897K(7288K), 0.0217354 secs]
8.832: [Full GC 1916K->1897K(7288K), 0.0210572 secs]
8.854: [Full GC 1916K->1897K(7288K), 0.0216438 secs]
8.876: [Full GC 1916K->1897K(7288K), 0.0223502 secs]
8.899: [Full GC 1916K->1897K(7288K), 0.0215424 secs]
8.922: [Full GC 1916K->1897K(7288K), 0.0220532 secs]
8.945: [Full GC 1916K->1897K(7288K), 0.0216709 secs]
8.967: [Full GC 1916K->1897K(7288K), 0.0224411 secs]
8.990: [Full GC 1916K->1897K(7288K), 0.0214752 secs]
9.014: [Full GC 1916K->1897K(7288K), 0.0226986 secs]
9.037: [Full GC 1916K->1897K(7288K), 0.0235169 secs]
9.065: [GC 2793K->2784K(7288K), 0.0022547 secs]
9.070: [GC 3680K->3678K(7288K), 0.0024911 secs]
9.075: [GC 4574K->4571K(7288K), 0.0024333 secs]
9.079: [GC 5467K->5464K(7288K), 0.0026718 secs]
9.084: [GC 6360K->6358K(7288K), 0.0023471 secs]
9.089: [GC 7254K->7251K(8184K), 0.0027202 secs]
9.092: [Full GC 7251K->7251K(8184K), 0.0369218 secs]
9.131: [GC 8120K->8117K(13000K), 0.0076161 secs]
9.139: [Full GC 8154K->8148K(13000K), 0.0422765 secs]
9.182: [Full GC 8170K->8148K(14672K), 0.0439472 secs]
9.227: [Full GC 8170K->8148K(14672K), 0.0384158 secs]
9.266: [Full GC 8170K->8148K(14672K), 0.0372542 secs]
9.304: [Full GC 8170K->8148K(14672K), 0.0365640 secs]
9.341: [Full GC 8170K->8148K(14672K), 0.0370590 secs]
9.379: [Full GC 8170K->8148K(14672K), 0.0377695 secs]
9.418: [Full GC 8170K->8148K(14672K), 0.0389470 secs]
9.457: [Full GC 8170K->8148K(14672K), 0.0392602 secs]
9.505: [Full GC 8170K->8148K(14672K), 0.0393975 secs]
9.545: [Full GC 8170K->8148K(14672K), 0.0377362 secs]
9.585: [Full GC 8170K->8148K(14672K), 0.0364420 secs]
9.624: [GC 9172K->8148K(14672K), 0.0003302 secs]
9.627: [GC 9172K->8148K(14672K), 0.0002158 secs]
9.630: [GC 9172K->8148K(14672K), 0.0001446 secs]
9.632: [GC 9172K->8148K(14672K), 0.0001488 secs]
9.634: [GC 9172K->8148K(14672K), 0.0001482 secs]
9.637: [GC 9172K->8148K(14672K), 0.0001416 secs]
9.639: [GC 9172K->8148K(14672K), 0.0001769 secs]
9.642: [GC 9172K->8148K(14672K), 0.0001645 secs]
9.645: [GC 9172K->8148K(14672K), 0.0001555 secs]
9.647: [GC 9172K->8148K(14672K), 0.0001194 secs]
9.650: [GC 9172K->8148K(14672K), 0.0001271 secs]
9.652: [GC 9172K->8148K(14672K), 0.0001203 secs]
9.654: [GC 9172K->8148K(14672K), 0.0001200 secs]
9.657: [GC 9172K->8148K(14672K), 0.0001249 secs]
9.659: [GC 9172K->8148K(14672K), 0.0001893 secs]
9.662: [GC 9172K->8148K(14672K), 0.0001455 secs]
9.664: [GC 9172K->8148K(14672K), 0.0001765 secs]
9.666: [GC 9172K->8148K(14672K), 0.0001375 secs]
9.669: [GC 9172K->8148K(14672K), 0.0001341 secs]
9.671: [GC 9172K->8148K(14672K), 0.0001339 secs]
9.674: [GC 9172K->8148K(14672K), 0.0001650 secs]
9.677: [GC 9172K->8148K(14672K), 0.0001463 secs]
9.679: [GC 9172K->8148K(14672K), 0.0001367 secs]
9.682: [GC 9172K->8148K(14672K), 0.0001685 secs]
9.684: [GC 9172K->8148K(14672K), 0.0001741 secs]
9.687: [GC 9172K->8148K(14672K), 0.0001208 secs]
9.689: [GC 9172K->8148K(14672K), 0.0001392 secs]
9.691: [GC 9172K->8148K(14672K), 0.0001196 secs]
9.694: [GC 9172K->8148K(14672K), 0.0001176 secs]
9.696: [GC 9172K->8148K(14672K), 0.0001276 secs]
9.698: [GC 9172K->8148K(14672K), 0.0001185 secs]
9.701: [GC 9172K->8148K(14672K), 0.0001174 secs]
9.703: [GC 9172K->8148K(14672K), 0.0001178 secs]
9.706: [GC 9172K->8148K(14672K), 0.0001988 secs]
9.708: [GC 9172K->8148K(14672K), 0.0001766 secs]
9.711: [GC 9172K->8148K(14672K), 0.0001409 secs]
9.713: [GC 9172K->8148K(14672K), 0.0001493 secs]
9.716: [GC 9172K->8148K(14672K), 0.0001361 secs]
9.718: [GC 9172K->8148K(14672K), 0.0001367 secs]
9.721: [GC 9172K->8148K(14672K), 0.0001435 secs]
9.724: [GC 9172K->8148K(14672K), 0.0001643 secs]
9.726: [GC 9172K->8148K(14672K), 0.0001460 secs]
9.729: [GC 9172K->8148K(14672K), 0.0001382 secs]
9.731: [GC 9172K->8148K(14672K), 0.0001956 secs]
9.734: [GC 9172K->8148K(14672K), 0.0001752 secs]
9.736: [GC 9172K->8148K(14672K), 0.0001430 secs]
9.738: [GC 9172K->8148K(14672K), 0.0001401 secs]
9.741: [GC 9172K->8148K(14672K), 0.0001361 secs]
9.743: [GC 9172K->8148K(14672K), 0.0001344 secs]
9.745: [GC 9172K->8148K(14672K), 0.0001414 secs]
9.748: [GC 9172K->8148K(14672K), 0.0001377 secs]
9.750: [GC 9172K->8148K(14672K), 0.0001408 secs]
9.755: [GC 9172K->8148K(14672K), 0.0001705 secs]
9.757: [GC 9172K->8148K(14672K), 0.0001906 secs]
9.760: [GC 9172K->8148K(14672K), 0.0001245 secs]
9.762: [GC 9172K->8148K(14672K), 0.0001304 secs]
9.764: [GC 9172K->8148K(14672K), 0.0001187 secs]
9.767: [GC 9172K->8148K(14672K), 0.0001209 secs]
9.769: [GC 9172K->8148K(14672K), 0.0001266 secs]
9.772: [GC 9172K->8148K(14672K), 0.0001589 secs]
9.774: [GC 9172K->8148K(14672K), 0.0001224 secs]
9.775: [Full GC 8710K->2447K(14672K), 0.0226530 secs]
9.798: [Full GC 2463K->1898K(14672K), 0.0204058 secs]
9.820: [Full GC 1914K->1898K(13884K), 0.0208009 secs]
9.841: [Full GC 1913K->1898K(11208K), 0.0205165 secs]
9.862: [Full GC 1913K->1898K(7292K), 0.0204511 secs]
9.884: [Full GC 1913K->1898K(7292K), 0.0202230 secs]
9.905: [Full GC 1913K->1898K(7292K), 0.0208957 secs]
9.926: [Full GC 1913K->1898K(7292K), 0.0204529 secs]
9.947: [Full GC 1913K->1898K(7292K), 0.0193741 secs]
9.967: [Full GC 1913K->1898K(7292K), 0.0190223 secs]
9.987: [Full GC 1913K->1898K(7292K), 0.0189813 secs]
10.007: [Full GC 1913K->1898K(7292K), 0.0190945 secs]
10.027: [Full GC 1913K->1898K(7292K), 0.0192349 secs]
10.047: [Full GC 1913K->1898K(7292K), 0.0194508 secs]
10.067: [Full GC 1913K->1898K(7292K), 0.0197557 secs]
10.087: [Full GC 1913K->1898K(7292K), 0.0198381 secs]
10.108: [Full GC 1913K->1898K(7292K), 0.0195837 secs]
10.129: [Full GC 1913K->1898K(7292K), 0.0204664 secs]
10.150: [Full GC 1913K->1898K(7292K), 0.0207577 secs]
10.171: [Full GC 1913K->1898K(7292K), 0.0201143 secs]
10.192: [Full GC 1913K->1898K(7292K), 0.0200282 secs]
10.213: [Full GC 1913K->1898K(7292K), 0.0203008 secs]
10.234: [Full GC 1913K->1898K(7292K), 0.0207702 secs]
10.271: [GC 2794K->2402K(7292K), 0.0013495 secs]
10.279: [GC 3298K->2907K(7292K), 0.0012498 secs]
10.287: [GC 3803K->3412K(7292K), 0.0014058 secs]
10.297: [GC 4308K->3917K(7292K), 0.0013203 secs]
10.306: [GC 4813K->4422K(7292K), 0.0012953 secs]
10.314: [GC 5318K->4928K(7292K), 0.0013001 secs]
10.322: [GC 5824K->5433K(7292K), 0.0013775 secs]
10.331: [GC 6329K->5939K(7292K), 0.0014388 secs]
10.340: [GC 6835K->6444K(7420K), 0.0013516 secs]
10.341: [Full GC 6444K->6444K(7420K), 0.0307388 secs]
10.380: [GC 7340K->6950K(11704K), 0.0013910 secs]
10.389: [GC 7846K->7455K(11704K), 0.0014565 secs]
10.398: [GC 8351K->7960K(11704K), 0.0014892 secs]
10.407: [GC 8856K->8466K(11704K), 0.0015304 secs]
10.416: [GC 9362K->8971K(11704K), 0.0015860 secs]
10.425: [GC 9867K->9476K(11704K), 0.0015885 secs]
10.434: [GC 10372K->9981K(11704K), 0.0015811 secs]
10.443: [GC 10877K->10486K(11704K), 0.0016668 secs]
10.452: [GC 11382K->10992K(11960K), 0.0016772 secs]
10.454: [Full GC 10992K->10992K(11960K), 0.0428274 secs]
10.508: [GC 12272K->11714K(19732K), 0.0030179 secs]
10.523: [GC 12994K->12437K(19732K), 0.0023036 secs]
10.536: [GC 13717K->13159K(19732K), 0.0021583 secs]
10.549: [GC 14439K->13882K(19732K), 0.0022385 secs]
10.562: [GC 15162K->14604K(19732K), 0.0025297 secs]
10.575: [GC 15884K->15327K(19732K), 0.0021825 secs]
10.589: [GC 16607K->16049K(19732K), 0.0026424 secs]
10.603: [GC 17329K->16772K(19732K), 0.0022602 secs]
10.616: [GC 18052K->17494K(19732K), 0.0022941 secs]
10.629: [GC 18774K->18217K(19732K), 0.0021902 secs]
10.642: [GC 19497K->18939K(20244K), 0.0023057 secs]
10.645: [Full GC 18939K->18939K(20244K), 0.0765711 secs]
10.739: [GC 21011K->20109K(33828K), 0.0181766 secs]
10.776: [GC 22285K->21339K(33828K), 0.0044298 secs]
10.793: [Full GC 22899K->22204K(33828K), 0.0689783 secs]
10.863: [Full GC 22257K->22204K(39888K), 0.0714139 secs]
10.936: [Full GC 22257K->22204K(39888K), 0.0827723 secs]
11.019: [Full GC 22257K->22204K(39888K), 0.0966341 secs]
11.117: [Full GC 22257K->22204K(39888K), 0.0751841 secs]
11.193: [Full GC 22257K->22204K(39888K), 0.0698686 secs]
11.263: [Full GC 22257K->22204K(39888K), 0.0694468 secs]
11.333: [Full GC 22257K->22204K(39888K), 0.0670778 secs]
11.401: [Full GC 22257K->22204K(39888K), 0.0673681 secs]
11.469: [Full GC 22257K->22204K(39888K), 0.0703565 secs]
11.540: [Full GC 22257K->22204K(39888K), 0.0648904 secs]
11.606: [Full GC 22257K->22204K(39888K), 0.0647369 secs]
11.691: [GC 24828K->22204K(39888K), 0.0004017 secs]
11.712: [GC 24828K->22204K(39888K), 0.0002178 secs]
11.732: [GC 24828K->22204K(39888K), 0.0002156 secs]
11.754: [GC 24828K->22204K(39888K), 0.0001935 secs]
11.775: [GC 24828K->22204K(39888K), 0.0002095 secs]
11.795: [GC 24828K->22204K(39888K), 0.0002143 secs]
11.816: [GC 24828K->22204K(39888K), 0.0002129 secs]
11.838: [GC 24828K->22204K(39888K), 0.0001997 secs]
11.859: [GC 24828K->22204K(39888K), 0.0002220 secs]
11.880: [GC 24828K->22204K(39888K), 0.0002342 secs]
11.901: [GC 24828K->22204K(39888K), 0.0002177 secs]
11.922: [GC 24828K->22204K(39888K), 0.0002191 secs]
11.942: [GC 24828K->22204K(39888K), 0.0002091 secs]
11.963: [GC 24828K->22204K(39888K), 0.0002026 secs]
11.983: [GC 24828K->22204K(39888K), 0.0002136 secs]
12.003: [GC 24828K->22204K(39888K), 0.0002125 secs]
12.024: [GC 24828K->22204K(39888K), 0.0002134 secs]
12.044: [GC 24828K->22204K(39888K), 0.0002143 secs]
12.064: [GC 24828K->22204K(39888K), 0.0002239 secs]
12.084: [GC 24828K->22204K(39888K), 0.0002160 secs]
12.104: [GC 24828K->22204K(39888K), 0.0002114 secs]
12.125: [GC 24828K->22204K(39888K), 0.0002152 secs]
12.145: [GC 24828K->22204K(39888K), 0.0002171 secs]
12.165: [GC 24828K->22204K(39888K), 0.0002171 secs]
12.185: [GC 24828K->22204K(39888K), 0.0002116 secs]
12.207: [GC 24828K->22204K(39888K), 0.0001974 secs]
12.228: [GC 24828K->22204K(39888K), 0.0002128 secs]
12.248: [GC 24828K->22204K(39888K), 0.0002244 secs]
12.268: [GC 24828K->22204K(39888K), 0.0002183 secs]
12.288: [GC 24828K->22204K(39888K), 0.0002104 secs]
12.308: [GC 24828K->22204K(39888K), 0.0002085 secs]
12.328: [GC 24828K->22204K(39888K), 0.0002174 secs]
12.348: [GC 24828K->22204K(39888K), 0.0002140 secs]
12.368: [GC 24828K->22204K(39888K), 0.0002091 secs]
12.389: [GC 24828K->22204K(39888K), 0.0002166 secs]
12.409: [GC 24828K->22204K(39888K), 0.0002097 secs]
12.429: [GC 24828K->22204K(39888K), 0.0002154 secs]
12.449: [GC 24828K->22204K(39888K), 0.0002111 secs]
12.470: [GC 24828K->22204K(39888K), 0.0002224 secs]
12.490: [GC 24828K->22204K(39888K), 0.0002116 secs]
12.514: [GC 24828K->22204K(39888K), 0.0002205 secs]
12.535: [GC 24828K->22204K(39888K), 0.0002218 secs]
12.556: [GC 24828K->22204K(39888K), 0.0002172 secs]
12.576: [GC 24828K->22204K(39888K), 0.0002214 secs]
12.597: [GC 24828K->22204K(39888K), 0.0002170 secs]
12.619: [GC 24828K->22204K(39888K), 0.0002328 secs]
12.642: [GC 24828K->22204K(39888K), 0.0002077 secs]
12.664: [GC 24828K->22204K(39888K), 0.0002033 secs]
12.686: [GC 24828K->22204K(39888K), 0.0002203 secs]
12.708: [GC 24828K->22204K(39888K), 0.0002172 secs]
12.730: [GC 24828K->22204K(39888K), 0.0002115 secs]
12.752: [GC 24828K->22204K(39888K), 0.0002034 secs]
12.774: [GC 24828K->22204K(39888K), 0.0001995 secs]
12.795: [GC 24828K->22204K(39888K), 0.0001988 secs]
12.817: [GC 24828K->22204K(39888K), 0.0002102 secs]
12.839: [GC 24828K->22204K(39888K), 0.0003635 secs]
12.861: [GC 24828K->22204K(39888K), 0.0002201 secs]
12.881: [GC 24828K->22204K(39888K), 0.0002134 secs]
12.902: [GC 24828K->22204K(39888K), 0.0002145 secs]
12.922: [GC 24828K->22204K(39888K), 0.0002180 secs]
12.942: [GC 24828K->22204K(39888K), 0.0002150 secs]
12.962: [GC 24828K->22204K(39888K), 0.0002163 secs]
12.982: [GC 24828K->22204K(39888K), 0.0002162 secs]
13.002: [GC 24828K->22204K(39888K), 0.0002062 secs]
13.022: [GC 24828K->22204K(39888K), 0.0002146 secs]
13.042: [GC 24828K->22204K(39888K), 0.0002143 secs]
13.063: [GC 24828K->22204K(39888K), 0.0002308 secs]
13.084: [GC 24828K->22204K(39888K), 0.0002157 secs]
13.104: [GC 24828K->22204K(39888K), 0.0002104 secs]
13.124: [GC 24828K->22204K(39888K), 0.0002087 secs]
13.144: [GC 24828K->22204K(39888K), 0.0002106 secs]
13.164: [GC 24828K->22204K(39888K), 0.0002068 secs]
13.184: [GC 24828K->22204K(39888K), 0.0002051 secs]
13.204: [GC 24828K->22204K(39888K), 0.0002347 secs]
13.228: [GC 24828K->22204K(39888K), 0.0002318 secs]
13.255: [GC 24828K->22204K(39888K), 0.0002268 secs]
13.288: [GC 24828K->22204K(39888K), 0.0002208 secs]
13.313: [GC 24828K->22204K(39888K), 0.0002205 secs]
13.335: [GC 24828K->22204K(39888K), 0.0002142 secs]
13.358: [GC 24828K->22204K(39888K), 0.0002202 secs]
13.379: [GC 24828K->22204K(39888K), 0.0002108 secs]
13.399: [GC 24828K->22204K(39888K), 0.0002095 secs]
13.419: [GC 24828K->22204K(39888K), 0.0002135 secs]
13.439: [GC 24828K->22204K(39888K), 0.0002163 secs]
13.459: [GC 24828K->22204K(39888K), 0.0002099 secs]
13.479: [GC 24828K->22204K(39888K), 0.0002201 secs]
13.499: [GC 24828K->22204K(39888K), 0.0002153 secs]
13.520: [GC 24828K->22204K(39888K), 0.0002130 secs]
13.540: [GC 24828K->22204K(39888K), 0.0002126 secs]
13.561: [GC 24828K->22204K(39888K), 0.0002122 secs]
13.582: [GC 24828K->22204K(39888K), 0.0002180 secs]
13.603: [GC 24828K->22204K(39888K), 0.0002095 secs]
13.626: [GC 24828K->22204K(39888K), 0.0002903 secs]
13.648: [GC 24828K->22204K(39888K), 0.0002236 secs]
13.670: [GC 24828K->22204K(39888K), 0.0002250 secs]
13.692: [GC 24828K->22204K(39888K), 0.0002151 secs]
13.714: [GC 24828K->22204K(39888K), 0.0002149 secs]
13.734: [GC 24828K->22204K(39888K), 0.0002159 secs]
13.755: [GC 24828K->22204K(39888K), 0.0002201 secs]
13.775: [GC 24828K->22204K(39888K), 0.0002200 secs]
13.795: [GC 24828K->22204K(39888K), 0.0002153 secs]
13.815: [GC 24828K->22204K(39888K), 0.0002115 secs]
13.835: [GC 24828K->22204K(39888K), 0.0002133 secs]
13.855: [GC 24828K->22204K(39888K), 0.0002148 secs]
13.876: [GC 24828K->22204K(39888K), 0.0002036 secs]
13.897: [GC 24828K->22204K(39888K), 0.0002147 secs]
13.917: [GC 24828K->22204K(39888K), 0.0002225 secs]
13.937: [GC 24828K->22204K(39888K), 0.0002084 secs]
13.958: [GC 24828K->22204K(39888K), 0.0002145 secs]
13.978: [GC 24828K->22204K(39888K), 0.0002126 secs]
13.998: [GC 24828K->22204K(39888K), 0.0002248 secs]
14.018: [GC 24828K->22204K(39888K), 0.0002171 secs]
14.038: [GC 24828K->22204K(39888K), 0.0002061 secs]
14.058: [GC 24828K->22204K(39888K), 0.0002127 secs]
14.078: [GC 24828K->22204K(39888K), 0.0002218 secs]
14.099: [GC 24828K->22204K(39888K), 0.0002162 secs]
14.120: [GC 24828K->22204K(39888K), 0.0001963 secs]
14.142: [GC 24828K->22204K(39888K), 0.0002148 secs]
14.162: [GC 24828K->22204K(39888K), 0.0002114 secs]
14.182: [GC 24828K->22204K(39888K), 0.0002164 secs]
14.202: [GC 24828K->22204K(39888K), 0.0002176 secs]
14.222: [GC 24828K->22204K(39888K), 0.0002095 secs]
14.242: [GC 24828K->22204K(39888K), 0.0002018 secs]
14.262: [GC 24828K->22204K(39888K), 0.0002181 secs]
14.282: [GC 24828K->22204K(39888K), 0.0002031 secs]
14.304: [GC 24828K->22204K(39888K), 0.0002222 secs]
14.324: [GC 24828K->22204K(39888K), 0.0002214 secs]
14.344: [GC 24828K->22204K(39888K), 0.0002153 secs]
14.364: [GC 24828K->22204K(39888K), 0.0002097 secs]
14.384: [GC 24828K->22204K(39888K), 0.0002444 secs]
14.404: [GC 24828K->22204K(39888K), 0.0002134 secs]
14.424: [GC 24828K->22204K(39888K), 0.0002102 secs]
14.444: [GC 24828K->22204K(39888K), 0.0002113 secs]
14.464: [GC 24828K->22204K(39888K), 0.0002148 secs]
14.485: [GC 24828K->22204K(39888K), 0.0002195 secs]
14.505: [GC 24828K->22204K(39888K), 0.0002160 secs]
14.527: [GC 24828K->22204K(39888K), 0.0002007 secs]
14.533: [Full GC 23243K->3026K(39888K), 0.0249647 secs]
14.559: [Full GC 3080K->3026K(39888K), 0.0180600 secs]
14.577: [Full GC 3075K->3026K(36940K), 0.0175467 secs]
14.596: [Full GC 3061K->1900K(26548K), 0.0189983 secs]
14.617: [Full GC 1918K->1900K(7296K), 0.0196408 secs]
14.637: [Full GC 1918K->1900K(7296K), 0.0218359 secs]
14.660: [Full GC 1918K->1900K(7296K), 0.0190084 secs]
14.680: [Full GC 1918K->1900K(7296K), 0.0193694 secs]
14.700: [Full GC 1918K->1900K(7296K), 0.0190965 secs]
14.719: [Full GC 1918K->1900K(7296K), 0.0189785 secs]
14.739: [Full GC 1918K->1900K(7296K), 0.0204803 secs]
14.760: [Full GC 1918K->1900K(7296K), 0.0191136 secs]
14.780: [Full GC 1918K->1900K(7296K), 0.0190150 secs]
14.800: [Full GC 1918K->1900K(7296K), 0.0191583 secs]
14.820: [Full GC 1918K->1900K(7296K), 0.0197334 secs]
14.840: [Full GC 1918K->1900K(7296K), 0.0191691 secs]
14.860: [Full GC 1918K->1900K(7296K), 0.0195175 secs]
14.880: [Full GC 1918K->1900K(7296K), 0.0193784 secs]
14.900: [Full GC 1918K->1900K(7296K), 0.0192557 secs]
14.920: [Full GC 1918K->1900K(7296K), 0.0192838 secs]
14.940: [Full GC 1918K->1900K(7296K), 0.0196751 secs]
14.961: [Full GC 1918K->1900K(7296K), 0.0194927 secs]
14.981: [Full GC 1918K->1900K(7296K), 0.0192838 secs]
15.010: [GC 2796K->2789K(7296K), 0.0033355 secs]
15.020: [Full GC 3480K->3463K(7296K), 0.0250917 secs]
15.045: [Full GC 3481K->3463K(7296K), 0.0232467 secs]
15.069: [Full GC 3481K->3463K(7296K), 0.0238616 secs]
15.094: [Full GC 3481K->3463K(7296K), 0.0231518 secs]
15.118: [Full GC 3481K->3463K(7296K), 0.0243427 secs]
15.143: [Full GC 3481K->3463K(7296K), 0.0238151 secs]
15.167: [Full GC 3481K->3463K(7296K), 0.0238950 secs]
15.192: [Full GC 3481K->3463K(7296K), 0.0250033 secs]
15.218: [Full GC 3481K->3463K(7296K), 0.0251150 secs]
15.244: [Full GC 3481K->3463K(7296K), 0.0238075 secs]
15.268: [Full GC 3481K->3463K(7296K), 0.0243826 secs]
15.301: [GC 4359K->3463K(7296K), 0.0002747 secs]
15.308: [GC 4359K->3463K(7296K), 0.0001196 secs]
15.316: [GC 4359K->3463K(7296K), 0.0001098 secs]
15.323: [GC 4359K->3463K(7296K), 0.0001130 secs]
15.331: [GC 4359K->3463K(7296K), 0.0001090 secs]
15.339: [GC 4359K->3463K(7296K), 0.0001150 secs]
15.346: [GC 4359K->3463K(7296K), 0.0001367 secs]
15.354: [GC 4359K->3463K(7296K), 0.0001153 secs]
15.362: [GC 4359K->3463K(7296K), 0.0001314 secs]
15.370: [GC 4359K->3463K(7296K), 0.0001233 secs]
15.378: [GC 4359K->3463K(7296K), 0.0000996 secs]
15.386: [GC 4359K->3463K(7296K), 0.0001433 secs]
15.394: [GC 4359K->3463K(7296K), 0.0001059 secs]
15.401: [GC 4359K->3463K(7296K), 0.0001129 secs]
15.409: [GC 4359K->3463K(7296K), 0.0001225 secs]
15.416: [GC 4359K->3463K(7296K), 0.0001265 secs]
15.424: [GC 4359K->3463K(7296K), 0.0001106 secs]
15.428: [Full GC 4265K->1900K(7296K), 0.0216715 secs]
15.451: [Full GC 1916K->1900K(7296K), 0.0204371 secs]
15.472: [Full GC 1916K->1900K(7296K), 0.0224474 secs]
15.498: [Full GC 1916K->1900K(7296K), 0.0245072 secs]
15.523: [Full GC 1916K->1900K(7296K), 0.0231602 secs]
15.547: [Full GC 1916K->1900K(7296K), 0.0265178 secs]
15.578: [Full GC 1916K->1900K(7296K), 0.0238492 secs]
15.602: [Full GC 1916K->1900K(7296K), 0.0256233 secs]
15.629: [Full GC 1916K->1900K(7296K), 0.0249447 secs]
15.657: [Full GC 1916K->1900K(7296K), 0.0239459 secs]
15.682: [Full GC 1916K->1900K(7296K), 0.0224273 secs]
15.705: [Full GC 1916K->1900K(7296K), 0.0244264 secs]
15.730: [Full GC 1916K->1900K(7296K), 0.0223363 secs]
15.754: [Full GC 1916K->1900K(7296K), 0.0227331 secs]
15.777: [Full GC 1916K->1900K(7296K), 0.0237253 secs]
15.802: [Full GC 1916K->1900K(7296K), 0.0220221 secs]
15.825: [Full GC 1916K->1900K(7296K), 0.0215263 secs]
15.847: [Full GC 1916K->1900K(7296K), 0.0213094 secs]
15.869: [Full GC 1916K->1900K(7296K), 0.0214505 secs]
15.891: [Full GC 1916K->1900K(7296K), 0.0207687 secs]
15.913: [Full GC 1916K->1900K(7296K), 0.0213143 secs]
15.935: [Full GC 1916K->1900K(7296K), 0.0219662 secs]
15.957: [Full GC 1916K->1900K(7296K), 0.0214351 secs]
15.979: [Full GC 1916K->1900K(7296K), 0.0213109 secs]
16.009: [GC 2796K->2787K(7296K), 0.0017478 secs]
16.018: [GC 3683K->3680K(7296K), 0.0018815 secs]
16.027: [GC 4576K->4575K(7296K), 0.0018970 secs]
16.036: [GC 5471K->5469K(7296K), 0.0018736 secs]
16.045: [GC 6365K->6362K(7296K), 0.0018208 secs]
16.054: [GC 7258K->7254K(8192K), 0.0024573 secs]
16.056: [Full GC 7254K->7254K(8192K), 0.0351957 secs]
16.099: [GC 8127K->8125K(13016K), 0.0092445 secs]
16.115: [GC 9021K->9019K(13016K), 0.0026718 secs]
16.125: [GC 9915K->9912K(13016K), 0.0023868 secs]
16.135: [GC 10808K->10806K(13016K), 0.0026404 secs]
16.144: [GC 11702K->11700K(13016K), 0.0024226 secs]
16.154: [GC 12596K->12593K(13528K), 0.0023695 secs]
16.156: [Full GC 12593K->12593K(13528K), 0.0594844 secs]
16.229: [GC 14104K->14102K(22612K), 0.0156169 secs]
16.256: [GC 15638K->15635K(22612K), 0.0060744 secs]
16.274: [GC 17171K->17169K(22612K), 0.0049920 secs]
16.291: [GC 18705K->18703K(22612K), 0.0042970 secs]
16.308: [GC 20239K->20237K(22612K), 0.0049129 secs]
16.326: [GC 21773K->21771K(23380K), 0.0048697 secs]
16.331: [Full GC 21771K->21771K(23380K), 0.0752712 secs]
16.425: [GC 24275K->24272K(39012K), 0.0240905 secs]
16.469: [GC 26832K->26830K(39012K), 0.0084579 secs]
16.490: [Full GC 28472K->28464K(39012K), 0.1048163 secs]
16.595: [Full GC 28528K->28464K(51028K), 0.0898449 secs]
16.686: [Full GC 28528K->28464K(51028K), 0.1072906 secs]
16.794: [Full GC 28528K->28464K(51028K), 0.0835312 secs]
16.878: [Full GC 28528K->28464K(51028K), 0.0810460 secs]
16.960: [Full GC 28528K->28464K(51028K), 0.0797927 secs]
17.041: [Full GC 28528K->28464K(51028K), 0.0784339 secs]
17.120: [Full GC 28528K->28464K(51028K), 0.0794564 secs]
17.200: [Full GC 28528K->28464K(51028K), 0.0793287 secs]
17.280: [Full GC 28528K->28464K(51028K), 0.0832338 secs]
17.365: [Full GC 28528K->28464K(51028K), 0.0839656 secs]
17.449: [Full GC 28528K->28464K(51028K), 0.0842419 secs]
17.557: [GC 31664K->28464K(51028K), 0.0004437 secs]
17.582: [GC 31664K->28464K(51028K), 0.0002586 secs]
17.605: [GC 31664K->28464K(51028K), 0.0002476 secs]
17.627: [GC 31664K->28464K(51028K), 0.0002454 secs]
17.650: [GC 31664K->28464K(51028K), 0.0002250 secs]
17.672: [GC 31664K->28464K(51028K), 0.0002465 secs]
17.697: [GC 31664K->28464K(51028K), 0.0002425 secs]
17.719: [GC 31664K->28464K(51028K), 0.0002466 secs]
17.741: [GC 31664K->28464K(51028K), 0.0002495 secs]
17.763: [GC 31664K->28464K(51028K), 0.0002412 secs]
17.786: [GC 31664K->28464K(51028K), 0.0002488 secs]
17.808: [GC 31664K->28464K(51028K), 0.0002512 secs]
17.829: [GC 31664K->28464K(51028K), 0.0002446 secs]
17.852: [GC 31664K->28464K(51028K), 0.0002454 secs]
17.873: [GC 31664K->28464K(51028K), 0.0002480 secs]
17.895: [GC 31664K->28464K(51028K), 0.0002537 secs]
17.918: [GC 31664K->28464K(51028K), 0.0002317 secs]
17.942: [GC 31664K->28464K(51028K), 0.0002515 secs]
17.964: [GC 31664K->28464K(51028K), 0.0002460 secs]
17.986: [GC 31664K->28464K(51028K), 0.0002433 secs]
18.008: [GC 31664K->28464K(51028K), 0.0002505 secs]
18.030: [GC 31664K->28464K(51028K), 0.0002502 secs]
18.052: [GC 31664K->28464K(51028K), 0.0002360 secs]
18.075: [GC 31664K->28464K(51028K), 0.0002444 secs]
18.097: [GC 31664K->28464K(51028K), 0.0002879 secs]
18.120: [GC 31664K->28464K(51028K), 0.0002445 secs]
18.142: [GC 31664K->28464K(51028K), 0.0002437 secs]
18.163: [GC 31664K->28464K(51028K), 0.0002476 secs]
18.186: [GC 31664K->28464K(51028K), 0.0002511 secs]
18.207: [GC 31664K->28464K(51028K), 0.0002505 secs]
18.229: [GC 31664K->28464K(51028K), 0.0002494 secs]
18.251: [GC 31664K->28464K(51028K), 0.0002516 secs]
18.273: [GC 31664K->28464K(51028K), 0.0002536 secs]
18.294: [GC 31664K->28464K(51028K), 0.0002459 secs]
18.317: [GC 31664K->28464K(51028K), 0.0002505 secs]
18.339: [GC 31664K->28464K(51028K), 0.0002479 secs]
18.361: [GC 31664K->28464K(51028K), 0.0002495 secs]
18.384: [GC 31664K->28464K(51028K), 0.0002454 secs]
18.407: [GC 31664K->28464K(51028K), 0.0002444 secs]
18.429: [GC 31664K->28464K(51028K), 0.0002495 secs]
18.453: [GC 31664K->28464K(51028K), 0.0002454 secs]
18.476: [GC 31664K->28464K(51028K), 0.0002504 secs]
18.499: [GC 31664K->28464K(51028K), 0.0002491 secs]
18.521: [GC 31664K->28464K(51028K), 0.0002505 secs]
18.543: [GC 31664K->28464K(51028K), 0.0002462 secs]
18.565: [GC 31664K->28464K(51028K), 0.0002455 secs]
18.589: [GC 31664K->28464K(51028K), 0.0002458 secs]
18.611: [GC 31664K->28464K(51028K), 0.0002496 secs]
18.635: [GC 31664K->28464K(51028K), 0.0002317 secs]
18.657: [GC 31664K->28464K(51028K), 0.0002474 secs]
18.680: [GC 31664K->28464K(51028K), 0.0002506 secs]
18.704: [GC 31664K->28464K(51028K), 0.0002564 secs]
18.727: [GC 31664K->28464K(51028K), 0.0002460 secs]
18.751: [GC 31664K->28464K(51028K), 0.0002471 secs]
18.774: [GC 31664K->28464K(51028K), 0.0002440 secs]
18.797: [GC 31664K->28464K(51028K), 0.0002498 secs]
18.820: [GC 31664K->28464K(51028K), 0.0002281 secs]
18.843: [GC 31664K->28464K(51028K), 0.0002462 secs]
18.865: [GC 31664K->28464K(51028K), 0.0002856 secs]
18.887: [GC 31664K->28464K(51028K), 0.0002495 secs]
18.909: [GC 31664K->28464K(51028K), 0.0002528 secs]
18.930: [GC 31664K->28464K(51028K), 0.0002513 secs]
18.952: [GC 31664K->28464K(51028K), 0.0002447 secs]
18.974: [GC 31664K->28464K(51028K), 0.0002477 secs]
18.997: [GC 31664K->28464K(51028K), 0.0002288 secs]
19.021: [GC 31664K->28464K(51028K), 0.0002378 secs]
19.045: [GC 31664K->28464K(51028K), 0.0002264 secs]
19.069: [GC 31664K->28464K(51028K), 0.0002465 secs]
19.093: [GC 31664K->28464K(51028K), 0.0002322 secs]
19.116: [GC 31664K->28464K(51028K), 0.0002521 secs]
19.139: [GC 31664K->28464K(51028K), 0.0002319 secs]
19.163: [GC 31664K->28464K(51028K), 0.0002501 secs]
19.186: [GC 31664K->28464K(51028K), 0.0002469 secs]
19.208: [GC 31664K->28464K(51028K), 0.0002279 secs]
19.232: [GC 31664K->28464K(51028K), 0.0002280 secs]
19.254: [GC 31664K->28464K(51028K), 0.0002537 secs]
19.276: [GC 31664K->28464K(51028K), 0.0002526 secs]
19.298: [GC 31664K->28464K(51028K), 0.0002807 secs]
19.321: [GC 31664K->28464K(51028K), 0.0002470 secs]
19.343: [GC 31664K->28464K(51028K), 0.0002474 secs]
19.365: [GC 31664K->28464K(51028K), 0.0002506 secs]
19.387: [GC 31664K->28464K(51028K), 0.0002416 secs]
19.409: [GC 31664K->28464K(51028K), 0.0002496 secs]
19.508: [GC 31664K->28635K(51028K), 0.0013038 secs]
19.618: [GC 31835K->28707K(51028K), 0.0017588 secs]
